Microchip MPLAB XC8 Compiler V2.36

Linker command line:

-W-3 --edf=C:\Program Files\Microchip\xc8\v2.36\pic\dat\en_msgs.txt -cn \
  -h+dist/default/production\N64_Stick_Converter18.X.production.sym \
  --cmf=dist/default/production\N64_Stick_Converter18.X.production.cmf -z \
  -Q18F25K42 -oC:\Users\super\AppData\Local\Temp\xcAstm8.4 \
  --defsym=__MPLAB_BUILD=1 \
  -Mdist/default/production/N64_Stick_Converter18.X.production.map \
  --md=C:\Users\super\AppData\Local\Temp\xcAstm8.dat -E1 -ver=XC8 Compiler \
  --acfsm=1493 -ACODE=00h-07FFFh -ACONST=00h-07FFFh \
  -ASMALLCONST=0800h-08FFhx120 -AMEDIUMCONST=0800h-07FFFh -ACOMRAM=01h-05Fh \
  -AABS1=00h-07FFh -ABIGRAM=01h-07FFh -ARAM=060h-0FFh,0100h-01FFhx7 \
  -ABANK0=060h-0FFh -ABANK1=0100h-01FFh -ABANK2=0200h-02FFh \
  -ABANK3=0300h-03FFh -ABANK4=0400h-04FFh -ABANK5=0500h-05FFh \
  -ABANK6=0600h-06FFh -ABANK7=0700h-07FFh \
  -ASFR=03800h-038FFhx7,03F00h-03F5Fh,03F60h-03FFFh -ABIGSFR=03800h-03FFFh \
  -ACONFIG=0300000h-0300009h -AIDLOC=0200000h-020000Fh \
  -AEEDATA=0310000h-03100FFh -peeprom_data=EEDATA -preset_vec=00h \
  -ppowerup=CODE,init -pramtop=0800h -psmallconst=SMALLCONST \
  -pmediumconst=MEDIUMCONST -pconst=CONST -AFARRAM=00h-00h \
  -prdata=COMRAM,nvrram=COMRAM,nvbit=COMRAM,rbss=COMRAM,rbit=COMRAM \
  -pfarbss=FARRAM,fardata=FARRAM,nvFARRAM=FARRAM \
  -pintsave_regs=BIGRAM,bigbss=BIGRAM,bigdata=BIGRAM -pbss=RAM \
  -pidata=CODE,irdata=CODE,ibigdata=CODE,ifardata=CODE -prparam=COMRAM \
  C:\Users\super\AppData\Local\Temp\xcAstm8.o \
  dist/default/production\N64_Stick_Converter18.X.production.o 

Object code version is 3.11

Machine type is 18F25K42



                Name                               Link     Load   Length Selector   Space Scale
C:\Users\super\AppData\Local\Temp\xcAstm8.o
                idloc                            200000   200000       10        0       5
                config                           300000   300000        A        0       4
                init                               7FFC     7FFC        4     3FFE       0
                reset_vec                             0        0        4        0       0
dist/default/production\N64_Stick_Converter18.X.production.o
                idloc                            200000   200000       10        0       5
                config                           300000   300000        A        0       4
                text18                             75FE     75FE        6     3AFF       0
                text17                             7790     7790       46     3BC8       0
                text16                             772A     772A       32     3B95       0
                text15                             760A     760A       10     3B05       0
                text14                             761A     761A       10     3B0D       0
                text13                             78FA     78FA       74     3C7D       0
                text12                             7832     7832       64     3C19       0
                text11                             7C92     7C92      36A     3E49       0
                text10                             7654     7654       1A     3B2A       0
                text9                              766E     766E       24     3B37       0
                text8                              7692     7692       24     3B49       0
                text7                              77D6     77D6       5C     3BEB       0
                text6                              763C     763C       18     3B1E       0
                text5                              7896     7896       64     3C4B       0
                text4                              76B6     76B6       24     3B5B       0
                text3                              762A     762A       12     3B15       0
                text2                              7700     7700       2A     3B80       0
                text1                              76DA     76DA       26     3B6D       0
                text0                              796E     796E      324     3CB7       0
                cstackCOMRAM                          1        1       3A        1       1
                dataCOMRAM                           41       41        6        1       1
                bssCOMRAM                            3B       3B        6        1       1
                cinit                              775C     775C       34     3BAE       0
                idataCOMRAM                        7604     7604        6     7604       0

TOTAL           Name                               Link     Load   Length     Space
        CLASS   CODE           
                init                               7FFC     7FFC        4         0
                reset_vec                             0        0        4         0
                text18                             75FE     75FE        6         0
                text17                             7790     7790       46         0
                text16                             772A     772A       32         0
                text15                             760A     760A       10         0
                text14                             761A     761A       10         0
                text13                             78FA     78FA       74         0
                text12                             7832     7832       64         0
                text11                             7C92     7C92      36A         0
                text10                             7654     7654       1A         0
                text9                              766E     766E       24         0
                text8                              7692     7692       24         0
                text7                              77D6     77D6       5C         0
                text6                              763C     763C       18         0
                text5                              7896     7896       64         0
                text4                              76B6     76B6       24         0
                text3                              762A     762A       12         0
                text2                              7700     7700       2A         0
                text1                              76DA     76DA       26         0
                text0                              796E     796E      324         0
                cinit                              775C     775C       34         0
                idataCOMRAM                        7604     7604        6         0

        CLASS   CONST          

        CLASS   SMALLCONST     

        CLASS   MEDIUMCONST    

        CLASS   COMRAM         
                cstackCOMRAM                          1        1       3A         1
                dataCOMRAM                           41       41        6         1
                bssCOMRAM                            3B       3B        6         1

        CLASS   ABS1           

        CLASS   BIGRAM         

        CLASS   RAM            

        CLASS   BANK0          

        CLASS   BANK1          

        CLASS   BANK2          

        CLASS   BANK3          

        CLASS   BANK4          

        CLASS   BANK5          

        CLASS   BANK6          

        CLASS   BANK7          

        CLASS   SFR            

        CLASS   BIGSFR         

        CLASS   CONFIG         
                config                           300000   300000        A         4

        CLASS   IDLOC          
                idloc                            200000   200000       10         5

        CLASS   EEDATA         

        CLASS   FARRAM         

        CLASS   HEAP           

        CLASS   STACK          



SEGMENTS        Name                           Load    Length   Top    Selector   Space  Class

                reset_vec                      000000  000004  000004         0       0  CODE    
                cstackCOMRAM                   000001  000046  000047         1       1  COMRAM  
                text18                         0075FE  000006  007604      3AFF       0  CODE    
                idataCOMRAM                    007604  000006  00760A      7604       0  CODE    
                text15                         00760A  000010  00761A      3B05       0  CODE    
                text14                         00761A  000010  00762A      3B0D       0  CODE    
                text3                          00762A  000012  00763C      3B15       0  CODE    
                text6                          00763C  000018  007654      3B1E       0  CODE    
                text10                         007654  00001A  00766E      3B2A       0  CODE    
                text9                          00766E  000024  007692      3B37       0  CODE    
                text8                          007692  000024  0076B6      3B49       0  CODE    
                text4                          0076B6  000024  0076DA      3B5B       0  CODE    
                text1                          0076DA  000026  007700      3B6D       0  CODE    
                text2                          007700  00002A  00772A      3B80       0  CODE    
                text16                         00772A  000032  00775C      3B95       0  CODE    
                cinit                          00775C  000034  007790      3BAE       0  CODE    
                text17                         007790  000046  0077D6      3BC8       0  CODE    
                text7                          0077D6  00005C  007832      3BEB       0  CODE    
                text12                         007832  000064  007896      3C19       0  CODE    
                text5                          007896  000064  0078FA      3C4B       0  CODE    
                text13                         0078FA  000074  00796E      3C7D       0  CODE    
                text0                          00796E  000324  007C92      3CB7       0  CODE    
                text11                         007C92  00036A  007FFC      3E49       0  CODE    
                init                           007FFC  000004  008000      3FFE       0  CODE    


UNUSED ADDRESS RANGES

        Name                Unused          Largest block    Delta
        BANK0            000060-0000FF               A0
        BANK1            000100-0001FF              100
        BANK2            000200-0002FF              100
        BANK3            000300-0003FF              100
        BANK4            000400-0004FF              100
        BANK5            000500-0005FF              100
        BANK6            000600-0006FF              100
        BANK7            000700-0007FF              100
        BIGRAM           000047-0007FF              7B9
        BIGSFR           003800-003FFF              800
        CODE             000004-0075FD             75FA
        COMRAM           000047-00005F               19
        CONST            000004-0075FD             75FA
        EEDATA           310000-3100FF              100
        MEDIUMCONST      000800-0075FD             6DFE
        RAM              000060-0007FF              100
        SFR              003800-003FFF              100
        SMALLCONST       000800-0075FD              100

                                  Symbol Table

?_ADCC_GetSingleConversion                cstackCOMRAM 000001
?_GetX                                    cstackCOMRAM 000006
?_GetY                                    cstackCOMRAM 000006
?___lwdiv                                 cstackCOMRAM 000001
?___lwmod                                 cstackCOMRAM 000001
?___wmul                                  cstackCOMRAM 000001
ADCC_GetSingleConversion@channel          cstackCOMRAM 000005
Calibration@counter                       cstackCOMRAM 00000C
Calibration@temp                          cstackCOMRAM 00001E
Calibration@xFactor                       cstackCOMRAM 00000E
Calibration@xMax                          cstackCOMRAM 000014
Calibration@xMin                          cstackCOMRAM 000012
Calibration@xNeutral16                    cstackCOMRAM 00001A
Calibration@yFactor                       cstackCOMRAM 000010
Calibration@yMax                          cstackCOMRAM 000018
Calibration@yMin                          cstackCOMRAM 000016
Calibration@yNeutral16                    cstackCOMRAM 00001C
DATAEE_ReadByte@bAdd                      cstackCOMRAM 000001
DATAEE_WriteByte@GIEBitValue              cstackCOMRAM 000003
DATAEE_WriteByte@bAdd                     cstackCOMRAM 000002
DATAEE_WriteByte@bData                    cstackCOMRAM 000001
RotateLeft@cData                          cstackCOMRAM 000002
RotateLeft@result                         cstackCOMRAM 000001
RotateRight@cData                         cstackCOMRAM 000002
RotateRight@result                        cstackCOMRAM 000001
ScaleDown@c                               cstackCOMRAM 000009
ScaleDown@raw12                           cstackCOMRAM 000007
_ADACCH                                   (abs)        003EE9
_ADACCL                                   (abs)        003EE8
_ADACCU                                   (abs)        003EEA
_ADACQH                                   (abs)        003EF4
_ADACQL                                   (abs)        003EF3
_ADACT                                    (abs)        003EFE
_ADCAP                                    (abs)        003EF5
_ADCC_DisableContinuousConversion         text18       0075FE
_ADCC_GetSingleConversion                 text16       00772A
_ADCC_Initialize                          text7        0077D6
_ADCLK                                    (abs)        003EFF
_ADCNT                                    (abs)        003EEB
_ADCON0                                   (abs)        003EF8
_ADCON0bits                               (abs)        003EF8
_ADCON1                                   (abs)        003EF9
_ADCON1bits                               (abs)        003EF9
_ADCON2                                   (abs)        003EFA
_ADCON2bits                               (abs)        003EFA
_ADCON3                                   (abs)        003EFB
_ADCON3bits                               (abs)        003EFB
_ADERRH                                   (abs)        003EE3
_ADERRL                                   (abs)        003EE2
_ADFLTRH                                  (abs)        003EE7
_ADFLTRL                                  (abs)        003EE6
_ADLTHH                                   (abs)        003EDF
_ADLTHL                                   (abs)        003EDE
_ADPCH                                    (abs)        003EF1
_ADPREH                                   (abs)        003EF7
_ADPREL                                   (abs)        003EF6
_ADPREVH                                  (abs)        003EEE
_ADPREVL                                  (abs)        003EED
_ADREF                                    (abs)        003EFD
_ADRESH                                   (abs)        003EF0
_ADRESL                                   (abs)        003EEF
_ADRPT                                    (abs)        003EEC
_ADSTAT                                   (abs)        003EFC
_ADSTATbits                               (abs)        003EFC
_ADSTPTH                                  (abs)        003EE5
_ADSTPTL                                  (abs)        003EE4
_ADUTHH                                   (abs)        003EE1
_ADUTHL                                   (abs)        003EE0
_ANSELA                                   (abs)        003A40
_ANSELB                                   (abs)        003A50
_ANSELC                                   (abs)        003A60
_Calibration                              text11       007C92
_DATAEE_ReadByte                          text10       007654
_DATAEE_WriteByte                         text17       007790
_GetX                                     text15       00760A
_GetY                                     text14       00761A
_INLVLA                                   (abs)        003A44
_INLVLB                                   (abs)        003A54
_INLVLC                                   (abs)        003A64
_INLVLE                                   (abs)        003A84
_INTCON0bits                              (abs)        003FD2
_LATA                                     (abs)        003FBA
_LATAbits                                 (abs)        003FBA
_LATB                                     (abs)        003FBB
_LATBbits                                 (abs)        003FBB
_LATC                                     (abs)        003FBC
_LATCbits                                 (abs)        003FBC
_NVMADRL                                  (abs)        0039E0
_NVMCON1bits                              (abs)        0039E5
_NVMCON2                                  (abs)        0039E6
_NVMDAT                                   (abs)        0039E3
_ODCONA                                   (abs)        003A42
_ODCONB                                   (abs)        003A52
_ODCONC                                   (abs)        003A62
_OSCCON1                                  (abs)        0039D9
_OSCCON3                                  (abs)        0039DB
_OSCEN                                    (abs)        0039DD
_OSCFRQ                                   (abs)        0039DF
_OSCILLATOR_Initialize                    text6        00763C
_OSCTUNE                                  (abs)        0039DE
_PIN_MANAGER_Initialize                   text5        007896
_PIR0bits                                 (abs)        0039A0
_PMD0                                     (abs)        0039C0
_PMD1                                     (abs)        0039C1
_PMD2                                     (abs)        0039C2
_PMD3                                     (abs)        0039C3
_PMD4                                     (abs)        0039C4
_PMD5                                     (abs)        0039C5
_PMD6                                     (abs)        0039C6
_PMD7                                     (abs)        0039C7
_PMD_Initialize                           text4        0076B6
_RB1I2C                                   (abs)        003A5A
_RB2I2C                                   (abs)        003A5B
_RC3I2C                                   (abs)        003A6A
_RC4I2C                                   (abs)        003A6B
_RotateLeft                               text9        00766E
_RotateRight                              text8        007692
_SLRCONA                                  (abs)        003A43
_SLRCONB                                  (abs)        003A53
_SLRCONC                                  (abs)        003A63
_SYSTEM_Initialize                        text3        00762A
_ScaleDown                                text1        0076DA
_TABLAT                                   (abs)        003FF5
_TBLPTRH                                  (abs)        003FF7
_TBLPTRL                                  (abs)        003FF6
_TBLPTRU                                  (abs)        003FF8
_TRISA                                    (abs)        003FC2
_TRISB                                    (abs)        003FC3
_TRISC                                    (abs)        003FC4
_WPUA                                     (abs)        003A41
_WPUB                                     (abs)        003A51
_WPUC                                     (abs)        003A61
_WPUE                                     (abs)        003A81
__HRAM                                    (abs)        000000
__Habs1                                   abs1         000000
__Hbank0                                  bank0        000000
__Hbank1                                  bank1        000000
__Hbank2                                  bank2        000000
__Hbank3                                  bank3        000000
__Hbank4                                  bank4        000000
__Hbank5                                  bank5        000000
__Hbank6                                  bank6        000000
__Hbank7                                  bank7        000000
__Hbigbss                                 bigbss       000000
__Hbigdata                                bigdata      000000
__Hbigram                                 bigram       000000
__Hbigsfr                                 bigsfr       000000
__Hbss                                    bss          000000
__HbssCOMRAM                              bssCOMRAM    000000
__Hcinit                                  cinit        000000
__Hclrtext                                clrtext      000000
__Hcomram                                 comram       000000
__Hconfig                                 config       30000A
__Hconst                                  const        000000
__HcstackCOMRAM                           cstackCOMRAM 000000
__Hdata                                   data         000000
__HdataCOMRAM                             dataCOMRAM   000000
__Heeprom_data                            eeprom_data  000000
__Hfarbss                                 farbss       000000
__Hfardata                                fardata      000000
__Hheap                                   heap         000000
__Hibigdata                               ibigdata     000000
__Hidata                                  idata        000000
__HidataCOMRAM                            idataCOMRAM  000000
__Hidloc                                  idloc        200010
__Hifardata                               ifardata     000000
__Hinit                                   init         008000
__Hintsave_regs                           intsave_regs 000000
__Hirdata                                 irdata       000000
__Hmediumconst                            mediumconst  000000
__HnvFARRAM                               nvFARRAM     000000
__Hnvbit                                  nvbit        000000
__Hnvrram                                 nvrram       000000
__Hparam                                  rparam       000000
__Hpowerup                                powerup      000000
__Hram                                    ram          000000
__Hramtop                                 ramtop       000800
__Hrbit                                   rbit         000000
__Hrbss                                   rbss         000000
__Hrdata                                  rdata        000000
__Hreset_vec                              reset_vec    000004
__Hrparam                                 rparam       000000
__Hsfr                                    sfr          000000
__Hsmallconst                             smallconst   000000
__Hspace_0                                (abs)        008000
__Hspace_1                                (abs)        000047
__Hspace_2                                (abs)        000000
__Hspace_4                                (abs)        60000A
__Hstack                                  stack        000000
__Hstruct                                 struct       000000
__Htemp                                   temp         000000
__Htext                                   text         000000
__Htext0                                  text0        000000
__Htext1                                  text1        000000
__Htext10                                 text10       000000
__Htext11                                 text11       000000
__Htext12                                 text12       000000
__Htext13                                 text13       000000
__Htext14                                 text14       000000
__Htext15                                 text15       000000
__Htext16                                 text16       000000
__Htext17                                 text17       000000
__Htext18                                 text18       000000
__Htext2                                  text2        000000
__Htext3                                  text3        000000
__Htext4                                  text4        000000
__Htext5                                  text5        000000
__Htext6                                  text6        000000
__Htext7                                  text7        000000
__Htext8                                  text8        000000
__Htext9                                  text9        000000
__LRAM                                    (abs)        000001
__Labs1                                   abs1         000000
__Lbank0                                  bank0        000000
__Lbank1                                  bank1        000000
__Lbank2                                  bank2        000000
__Lbank3                                  bank3        000000
__Lbank4                                  bank4        000000
__Lbank5                                  bank5        000000
__Lbank6                                  bank6        000000
__Lbank7                                  bank7        000000
__Lbigbss                                 bigbss       000000
__Lbigdata                                bigdata      000000
__Lbigram                                 bigram       000000
__Lbigsfr                                 bigsfr       000000
__Lbss                                    bss          000000
__LbssCOMRAM                              bssCOMRAM    000000
__Lcinit                                  cinit        000000
__Lclrtext                                clrtext      000000
__Lcomram                                 comram       000000
__Lconfig                                 config       000000
__Lconst                                  const        000000
__LcstackCOMRAM                           cstackCOMRAM 000000
__Ldata                                   data         000000
__LdataCOMRAM                             dataCOMRAM   000000
__Leeprom_data                            eeprom_data  000000
__Lfarbss                                 farbss       000000
__Lfardata                                fardata      000000
__Lheap                                   heap         000000
__Libigdata                               ibigdata     000000
__Lidata                                  idata        000000
__LidataCOMRAM                            idataCOMRAM  000000
__Lidloc                                  idloc        000000
__Lifardata                               ifardata     000000
__Linit                                   init         007FFC
__Lintsave_regs                           intsave_regs 000000
__Lirdata                                 irdata       000000
__Lmediumconst                            mediumconst  000000
__LnvFARRAM                               nvFARRAM     000000
__Lnvbit                                  nvbit        000000
__Lnvrram                                 nvrram       000000
__Lparam                                  rparam       000000
__Lpowerup                                powerup      000000
__Lram                                    ram          000000
__Lramtop                                 ramtop       000800
__Lrbit                                   rbit         000000
__Lrbss                                   rbss         000000
__Lrdata                                  rdata        000000
__Lreset_vec                              reset_vec    000000
__Lrparam                                 rparam       000000
__Lsfr                                    sfr          000000
__Lsmallconst                             smallconst   000000
__Lspace_0                                (abs)        000000
__Lspace_1                                (abs)        000000
__Lspace_2                                (abs)        000000
__Lspace_4                                (abs)        000000
__Lstack                                  stack        000000
__Lstruct                                 struct       000000
__Ltemp                                   temp         000000
__Ltext                                   text         000000
__Ltext0                                  text0        000000
__Ltext1                                  text1        000000
__Ltext10                                 text10       000000
__Ltext11                                 text11       000000
__Ltext12                                 text12       000000
__Ltext13                                 text13       000000
__Ltext14                                 text14       000000
__Ltext15                                 text15       000000
__Ltext16                                 text16       000000
__Ltext17                                 text17       000000
__Ltext18                                 text18       000000
__Ltext2                                  text2        000000
__Ltext3                                  text3        000000
__Ltext4                                  text4        000000
__Ltext5                                  text5        000000
__Ltext6                                  text6        000000
__Ltext7                                  text7        000000
__Ltext8                                  text8        000000
__Ltext9                                  text9        000000
__S0                                      (abs)        008000
__S1                                      (abs)        000047
__S4                                      (abs)        000000
__S5                                      (abs)        000000
___heap_hi                                (abs)        000000
___heap_lo                                (abs)        000000
___inthi_sp                               stack        000000
___intlo_sp                               stack        000000
___lwdiv                                  text13       0078FA
___lwdiv@counter                          cstackCOMRAM 000007
___lwdiv@dividend                         cstackCOMRAM 000001
___lwdiv@divisor                          cstackCOMRAM 000003
___lwdiv@quotient                         cstackCOMRAM 000005
___lwmod                                  text12       007832
___lwmod@counter                          cstackCOMRAM 000005
___lwmod@dividend                         cstackCOMRAM 000001
___lwmod@divisor                          cstackCOMRAM 000003
___param_bank                             (abs)        000000
___rparam_used                            (abs)        000001
___sp                                     stack        000000
___wmul                                   text2        007700
___wmul@multiplicand                      cstackCOMRAM 000003
___wmul@multiplier                        cstackCOMRAM 000001
___wmul@product                           cstackCOMRAM 000005
__accesstop                               (abs)        000060
__activetblptr                            (abs)        000000
__end_of_ADCC_DisableContinuousConversion text18       007604
__end_of_ADCC_GetSingleConversion         text16       00775C
__end_of_ADCC_Initialize                  text7        007832
__end_of_Calibration                      text11       007FFC
__end_of_DATAEE_ReadByte                  text10       00766E
__end_of_DATAEE_WriteByte                 text17       0077D6
__end_of_GetX                             text15       00761A
__end_of_GetY                             text14       00762A
__end_of_OSCILLATOR_Initialize            text6        007654
__end_of_PIN_MANAGER_Initialize           text5        0078FA
__end_of_PMD_Initialize                   text4        0076DA
__end_of_RotateLeft                       text9        007692
__end_of_RotateRight                      text8        0076B6
__end_of_SYSTEM_Initialize                text3        00763C
__end_of_ScaleDown                        text1        007700
__end_of___lwdiv                          text13       00796E
__end_of___lwmod                          text12       007896
__end_of___wmul                           text2        00772A
__end_of__initialization                  cinit        00778A
__end_of_main                             text0        007C92
__initialization                          cinit        00775C
__mediumconst                             mediumconst  000000
__pbssCOMRAM                              bssCOMRAM    00003B
__pcinit                                  cinit        00775C
__pcstackCOMRAM                           cstackCOMRAM 000001
__pdataCOMRAM                             dataCOMRAM   000041
__pidataCOMRAM                            idataCOMRAM  007604
__ptext0                                  text0        00796E
__ptext1                                  text1        0076DA
__ptext10                                 text10       007654
__ptext11                                 text11       007C92
__ptext12                                 text12       007832
__ptext13                                 text13       0078FA
__ptext14                                 text14       00761A
__ptext15                                 text15       00760A
__ptext16                                 text16       00772A
__ptext17                                 text17       007790
__ptext18                                 text18       0075FE
__ptext2                                  text2        007700
__ptext3                                  text3        00762A
__ptext4                                  text4        0076B6
__ptext5                                  text5        007896
__ptext6                                  text6        00763C
__ptext7                                  text7        0077D6
__ptext8                                  text8        007692
__ptext9                                  text9        00766E
__ramtop                                  ramtop       000800
__smallconst                              smallconst   000000
_calibSwitch                              bssCOMRAM    00003B
_calibSwitch_address                      dataCOMRAM   000041
_cx_std                                   bssCOMRAM    000040
_cx_std_address                           bssCOMRAM    00003E
_cx_xtd                                   bssCOMRAM    00003D
_cx_xtd_address                           dataCOMRAM   000045
_cy_std                                   bssCOMRAM    00003F
_cy_std_address                           dataCOMRAM   000046
_cy_xtd                                   bssCOMRAM    00003C
_cy_xtd_address                           dataCOMRAM   000044
_firstPowerOn                             dataCOMRAM   000043
_firstPowerOn_address                     dataCOMRAM   000042
_main                                     text0        00796E
end_of_initialization                     cinit        00778A
intlevel0                                 text         000000
intlevel1                                 text         000000
intlevel2                                 text         000000
intlevel3                                 text         000000
isa$std                                   (abs)        000001
isa$xinst                                 (abs)        000000
main@maxRange                             cstackCOMRAM 00003A
main@x                                    cstackCOMRAM 000034
main@xFactor                              cstackCOMRAM 00002C
main@xNeutral16                           cstackCOMRAM 00002A
main@xNeutral8                            cstackCOMRAM 000036
main@xOld                                 cstackCOMRAM 000026
main@xSteps                               cstackCOMRAM 00002E
main@xWheel                               cstackCOMRAM 000032
main@y                                    cstackCOMRAM 000038
main@yFactor                              cstackCOMRAM 00002D
main@yNeutral16                           cstackCOMRAM 000024
main@yNeutral8                            cstackCOMRAM 000037
main@yOld                                 cstackCOMRAM 000028
main@ySteps                               cstackCOMRAM 000030
main@yWheel                               cstackCOMRAM 000033
stackhi                                   (abs)        000000
stacklo                                   (abs)        000000
start                                     init         007FFC
start_initialization                      cinit        00775C


MODULE INFORMATION

Module		Function		Class		Link	Load	Size
C:\Program Files\Microchip\xc8\v2.36\pic\sources\c99\common\lwmod.c
		___lwmod       		CODE           	7832	0000	100

C:\Program Files\Microchip\xc8\v2.36\pic\sources\c99\common\lwmod.c estimated size: 100

mcc_generated_files/pin_manager.c
		_PIN_MANAGER_Initialize		CODE           	7896	0000	100

mcc_generated_files/pin_manager.c estimated size: 100

C:\Program Files\Microchip\xc8\v2.36\pic\sources\c99\common\lwdiv.c
		___lwdiv       		CODE           	78FA	0000	116

C:\Program Files\Microchip\xc8\v2.36\pic\sources\c99\common\lwdiv.c estimated size: 116

shared
		__initialization		CODE           	775C	0000	46

shared estimated size: 46

mcc_generated_files/mcc.c
		_PMD_Initialize		CODE           	76B6	0000	36
		_OSCILLATOR_Initialize		CODE           	763C	0000	24
		_SYSTEM_Initialize		CODE           	762A	0000	18

mcc_generated_files/mcc.c estimated size: 78

mcc_generated_files/memory.c
		_DATAEE_WriteByte		CODE           	7790	0000	70
		_DATAEE_ReadByte		CODE           	7654	0000	26

mcc_generated_files/memory.c estimated size: 96

mcc_generated_files/adcc.c
		_ADCC_DisableContinuousConversion		CODE           	75FE	0000	6
		_ADCC_GetSingleConversion		CODE           	772A	0000	50
		_ADCC_Initialize		CODE           	77D6	0000	92

mcc_generated_files/adcc.c estimated size: 148

main.c
		_main          		CODE           	796E	0000	804
		_Calibration   		CODE           	7C92	0000	874
		_GetX          		CODE           	760A	0000	16
		_GetY          		CODE           	761A	0000	16
		_RotateLeft    		CODE           	766E	0000	36
		_ScaleDown     		CODE           	76DA	0000	38
		_RotateRight   		CODE           	7692	0000	36

main.c estimated size: 1820

C:\Program Files\Microchip\xc8\v2.36\pic\sources\c99\common\Umul16.c
		___wmul        		CODE           	7700	0000	42

C:\Program Files\Microchip\xc8\v2.36\pic\sources\c99\common\Umul16.c estimated size: 42

